// Jest Snapshot v1, https://goo.gl/fbAQLP

exports[`Virtualized EventsTable should match the snapshot on render 1`] = `
<div
  class="ReactVirtualized__Table"
  role="grid"
>
  <div
    class="ReactVirtualized__Table__headerRow"
    role="row"
    style="height:80px;overflow:hidden;padding-right:0;width:500px"
  >
    <div
      class="ReactVirtualized__Table__headerColumn"
      role="columnheader"
      style="flex:0 1 200px;-ms-flex:0 1 200px;-webkit-flex:0 1 200px"
    >
      <span
        class="ReactVirtualized__Table__headerTruncatedText"
        title="Title"
      >
        Title
      </span>
    </div>
    <div
      class="ReactVirtualized__Table__headerColumn"
      role="columnheader"
      style="flex:0 1 100px;-ms-flex:0 1 100px;-webkit-flex:0 1 100px"
    >
      <span
        class="ReactVirtualized__Table__headerTruncatedText"
        title="Date"
      >
        Date
      </span>
    </div>
    <div
      class="ReactVirtualized__Table__headerColumn"
      role="columnheader"
      style="flex:0 1 200px;-ms-flex:0 1 200px;-webkit-flex:0 1 200px"
    >
      <span
        class="ReactVirtualized__Table__headerTruncatedText"
        title="Place"
      >
        Place
      </span>
    </div>
  </div>
  <div
    aria-label="grid"
    aria-readonly="true"
    class="ReactVirtualized__Grid ReactVirtualized__Table__Grid"
    role="rowgroup"
    style="box-sizing:border-box;direction:ltr;height:320px;position:relative;width:500px;-webkit-overflow-scrolling:touch;will-change:transform;overflow-x:hidden;overflow-y:auto"
    tabindex="0"
  >
    <div
      class="ReactVirtualized__Grid__innerScrollContainer"
      role="rowgroup"
      style="width:auto;height:500px;max-width:500px;max-height:500px;overflow:hidden;pointer-events:;position:relative"
    >
      <div
        aria-label="row"
        class="ReactVirtualized__Table__row"
        role="row"
        style="height:50px;left:0;position:absolute;top:0;width:500px;overflow:hidden;padding-right:0"
        tabindex="0"
      >
        <div
          class="ReactVirtualized__Table__rowColumn"
          role="gridcell"
          style="flex:0 1 200px;-ms-flex:0 1 200px;-webkit-flex:0 1 200px;overflow:hidden"
          title="Agent Conf"
        >
          Agent Conf
        </div>
        <div
          class="ReactVirtualized__Table__rowColumn"
          role="gridcell"
          style="flex:0 1 100px;-ms-flex:0 1 100px;-webkit-flex:0 1 100px;overflow:hidden"
          title="January 20-21, 2017"
        >
          January 20-21, 2017
        </div>
        <div
          class="ReactVirtualized__Table__rowColumn"
          role="gridcell"
          style="flex:0 1 200px;-ms-flex:0 1 200px;-webkit-flex:0 1 200px;overflow:hidden"
          title="Dornbirn, Austria"
        >
          Dornbirn, Austria
        </div>
      </div>
      <div
        aria-label="row"
        class="ReactVirtualized__Table__row"
        role="row"
        style="height:50px;left:0;position:absolute;top:50px;width:500px;overflow:hidden;padding-right:0"
        tabindex="0"
      >
        <div
          class="ReactVirtualized__Table__rowColumn"
          role="gridcell"
          style="flex:0 1 200px;-ms-flex:0 1 200px;-webkit-flex:0 1 200px;overflow:hidden"
          title="O'Reilly Velocity Conference"
        >
          O'Reilly Velocity Conference
        </div>
        <div
          class="ReactVirtualized__Table__rowColumn"
          role="gridcell"
          style="flex:0 1 100px;-ms-flex:0 1 100px;-webkit-flex:0 1 100px;overflow:hidden"
          title="January 19-22, 2017"
        >
          January 19-22, 2017
        </div>
        <div
          class="ReactVirtualized__Table__rowColumn"
          role="gridcell"
          style="flex:0 1 200px;-ms-flex:0 1 200px;-webkit-flex:0 1 200px;overflow:hidden"
          title="San Jose, CA"
        >
          San Jose, CA
        </div>
      </div>
      <div
        aria-label="row"
        class="ReactVirtualized__Table__row"
        role="row"
        style="height:50px;left:0;position:absolute;top:100px;width:500px;overflow:hidden;padding-right:0"
        tabindex="0"
      >
        <div
          class="ReactVirtualized__Table__rowColumn"
          role="gridcell"
          style="flex:0 1 200px;-ms-flex:0 1 200px;-webkit-flex:0 1 200px;overflow:hidden"
          title="Script17"
        >
          Script17
        </div>
        <div
          class="ReactVirtualized__Table__rowColumn"
          role="gridcell"
          style="flex:0 1 100px;-ms-flex:0 1 100px;-webkit-flex:0 1 100px;overflow:hidden"
          title="January 27, 2017"
        >
          January 27, 2017
        </div>
        <div
          class="ReactVirtualized__Table__rowColumn"
          role="gridcell"
          style="flex:0 1 200px;-ms-flex:0 1 200px;-webkit-flex:0 1 200px;overflow:hidden"
          title="Linz, Austria"
        >
          Linz, Austria
        </div>
      </div>
      <div
        aria-label="row"
        class="ReactVirtualized__Table__row"
        role="row"
        style="height:50px;left:0;position:absolute;top:150px;width:500px;overflow:hidden;padding-right:0"
        tabindex="0"
      >
        <div
          class="ReactVirtualized__Table__rowColumn"
          role="gridcell"
          style="flex:0 1 200px;-ms-flex:0 1 200px;-webkit-flex:0 1 200px;overflow:hidden"
          title="Agile Content Conf"
        >
          Agile Content Conf
        </div>
        <div
          class="ReactVirtualized__Table__rowColumn"
          role="gridcell"
          style="flex:0 1 100px;-ms-flex:0 1 100px;-webkit-flex:0 1 100px;overflow:hidden"
          title="January 30-31, 2017"
        >
          January 30-31, 2017
        </div>
        <div
          class="ReactVirtualized__Table__rowColumn"
          role="gridcell"
          style="flex:0 1 200px;-ms-flex:0 1 200px;-webkit-flex:0 1 200px;overflow:hidden"
          title="London, UK"
        >
          London, UK
        </div>
      </div>
      <div
        aria-label="row"
        class="ReactVirtualized__Table__row"
        role="row"
        style="height:50px;left:0;position:absolute;top:200px;width:500px;overflow:hidden;padding-right:0"
        tabindex="0"
      >
        <div
          class="ReactVirtualized__Table__rowColumn"
          role="gridcell"
          style="flex:0 1 200px;-ms-flex:0 1 200px;-webkit-flex:0 1 200px;overflow:hidden"
          title="Jfokus"
        >
          Jfokus
        </div>
        <div
          class="ReactVirtualized__Table__rowColumn"
          role="gridcell"
          style="flex:0 1 100px;-ms-flex:0 1 100px;-webkit-flex:0 1 100px;overflow:hidden"
          title="February 6-8, 2017"
        >
          February 6-8, 2017
        </div>
        <div
          class="ReactVirtualized__Table__rowColumn"
          role="gridcell"
          style="flex:0 1 200px;-ms-flex:0 1 200px;-webkit-flex:0 1 200px;overflow:hidden"
          title="Stockholm, Sweden"
        >
          Stockholm, Sweden
        </div>
      </div>
      <div
        aria-label="row"
        class="ReactVirtualized__Table__row"
        role="row"
        style="height:50px;left:0;position:absolute;top:250px;width:500px;overflow:hidden;padding-right:0"
        tabindex="0"
      >
        <div
          class="ReactVirtualized__Table__rowColumn"
          role="gridcell"
          style="flex:0 1 200px;-ms-flex:0 1 200px;-webkit-flex:0 1 200px;overflow:hidden"
          title="Webstock"
        >
          Webstock
        </div>
        <div
          class="ReactVirtualized__Table__rowColumn"
          role="gridcell"
          style="flex:0 1 100px;-ms-flex:0 1 100px;-webkit-flex:0 1 100px;overflow:hidden"
          title="February 13-17, 2017"
        >
          February 13-17, 2017
        </div>
        <div
          class="ReactVirtualized__Table__rowColumn"
          role="gridcell"
          style="flex:0 1 200px;-ms-flex:0 1 200px;-webkit-flex:0 1 200px;overflow:hidden"
          title="Wellington, New Zealand"
        >
          Wellington, New Zealand
        </div>
      </div>
      <div
        aria-label="row"
        class="ReactVirtualized__Table__row"
        role="row"
        style="height:50px;left:0;position:absolute;top:300px;width:500px;overflow:hidden;padding-right:0"
        tabindex="0"
      >
        <div
          class="ReactVirtualized__Table__rowColumn"
          role="gridcell"
          style="flex:0 1 200px;-ms-flex:0 1 200px;-webkit-flex:0 1 200px;overflow:hidden"
          title="Sustainable UX"
        >
          Sustainable UX
        </div>
        <div
          class="ReactVirtualized__Table__rowColumn"
          role="gridcell"
          style="flex:0 1 100px;-ms-flex:0 1 100px;-webkit-flex:0 1 100px;overflow:hidden"
          title="February 16, 2017"
        >
          February 16, 2017
        </div>
        <div
          class="ReactVirtualized__Table__rowColumn"
          role="gridcell"
          style="flex:0 1 200px;-ms-flex:0 1 200px;-webkit-flex:0 1 200px;overflow:hidden"
          title="Online"
        >
          Online
        </div>
      </div>
      <div
        aria-label="row"
        class="ReactVirtualized__Table__row"
        role="row"
        style="height:50px;left:0;position:absolute;top:350px;width:500px;overflow:hidden;padding-right:0"
        tabindex="0"
      >
        <div
          class="ReactVirtualized__Table__rowColumn"
          role="gridcell"
          style="flex:0 1 200px;-ms-flex:0 1 200px;-webkit-flex:0 1 200px;overflow:hidden"
          title="The Rolling Scopes Conference"
        >
          The Rolling Scopes Conference
        </div>
        <div
          class="ReactVirtualized__Table__rowColumn"
          role="gridcell"
          style="flex:0 1 100px;-ms-flex:0 1 100px;-webkit-flex:0 1 100px;overflow:hidden"
          title="February 18-19, 2017"
        >
          February 18-19, 2017
        </div>
        <div
          class="ReactVirtualized__Table__rowColumn"
          role="gridcell"
          style="flex:0 1 200px;-ms-flex:0 1 200px;-webkit-flex:0 1 200px;overflow:hidden"
          title="Minsk, Belarus"
        >
          Minsk, Belarus
        </div>
      </div>
    </div>
  </div>
</div>
`;
